Creating custom get_dataset_lfns for run3_2022_preEE_nano_cp_tau_v14_limited
lfn basedir:WLCGDirectoryTarget(fs=wlcg_fs_eoscms_redirector, path=/eos/cms/store/group/phys_higgs/HLepRare/skim_2024_v2/Run3_2022/WW)
Creating custom get_dataset_lfns for run3_2022_preEE_nano_cp_tau_v14_limited
lfn basedir:WLCGDirectoryTarget(fs=wlcg_fs_eoscms_redirector, path=/eos/cms/store/group/phys_higgs/HLepRare/skim_2024_v2/Run3_2022/ZZ)
Creating custom get_dataset_lfns for run3_2022_preEE_nano_cp_tau_v14_limited
lfn basedir:WLCGDirectoryTarget(fs=wlcg_fs_eoscms_redirector, path=/eos/cms/store/group/phys_higgs/HLepRare/skim_2024_v2/Run3_2022/ST_tW_antitop_4Q)
Creating custom get_dataset_lfns for run3_2022_preEE_nano_cp_tau_v14_limited
lfn basedir:WLCGDirectoryTarget(fs=wlcg_fs_eoscms_redirector, path=/eos/cms/store/group/phys_higgs/HLepRare/skim_2024_v2/Run3_2022/ST_tW_antitop_4Q_ext1)
Creating custom get_dataset_lfns for run3_2022_preEE_nano_cp_tau_v14_limited
lfn basedir:WLCGDirectoryTarget(fs=wlcg_fs_eoscms_redirector, path=/eos/cms/store/group/phys_higgs/HLepRare/skim_2024_v2/Run3_2022/SingleMuon_Run2022C)
Creating custom get_dataset_lfns for run3_2022_preEE_nano_cp_tau_v14_limited
lfn basedir:WLCGDirectoryTarget(fs=wlcg_fs_eoscms_redirector, path=/eos/cms/store/group/phys_higgs/HLepRare/skim_2024_v2/Run3_2022/ST_tW_antitop_LNu2Q)
Creating custom get_dataset_lfns for run3_2022_preEE_nano_cp_tau_v14_limited
lfn basedir:WLCGDirectoryTarget(fs=wlcg_fs_eoscms_redirector, path=/eos/cms/store/group/phys_higgs/HLepRare/skim_2024_v2/Run3_2022/ST_tW_antitop_LNu2Q_ext1)
Creating custom get_dataset_lfns for run3_2022_preEE_nano_cp_tau_v14_limited
lfn basedir:WLCGDirectoryTarget(fs=wlcg_fs_eoscms_redirector, path=/eos/cms/store/group/phys_higgs/HLepRare/skim_2024_v2/Run3_2022/ST_tW_top_LNu2Q)
Creating custom get_dataset_lfns for run3_2022_preEE_nano_cp_tau_v14_limited
lfn basedir:WLCGDirectoryTarget(fs=wlcg_fs_eoscms_redirector, path=/eos/cms/store/group/phys_higgs/HLepRare/skim_2024_v2/Run3_2022/ST_tW_top_LNu2Q_ext1)
Creating custom get_dataset_lfns for run3_2022_preEE_nano_cp_tau_v14_limited
lfn basedir:WLCGDirectoryTarget(fs=wlcg_fs_eoscms_redirector, path=/eos/cms/store/group/phys_higgs/HLepRare/skim_2024_v2/Run3_2022/WZZ)
Creating custom get_dataset_lfns for run3_2022_preEE_nano_cp_tau_v14_limited
lfn basedir:WLCGDirectoryTarget(fs=wlcg_fs_eoscms_redirector, path=/eos/cms/store/group/phys_higgs/HLepRare/skim_2024_v2/Run3_2022/Tau_Run2022C)
Creating custom get_dataset_lfns for run3_2022_preEE_nano_cp_tau_v14_limited
lfn basedir:WLCGDirectoryTarget(fs=wlcg_fs_eoscms_redirector, path=/eos/cms/store/group/phys_higgs/HLepRare/skim_2024_v2/Run3_2022/TTto2L2Nu)
Creating custom get_dataset_lfns for run3_2022_preEE_nano_cp_tau_v14_limited
lfn basedir:WLCGDirectoryTarget(fs=wlcg_fs_eoscms_redirector, path=/eos/cms/store/group/phys_higgs/HLepRare/skim_2024_v2/Run3_2022/TTto2L2Nu_ext1)
Creating custom get_dataset_lfns for run3_2022_preEE_nano_cp_tau_v14_limited
lfn basedir:WLCGDirectoryTarget(fs=wlcg_fs_eoscms_redirector, path=/eos/cms/store/group/phys_higgs/HLepRare/skim_2024_v2/Run3_2022/ZZZ)
Creating custom get_dataset_lfns for run3_2022_preEE_nano_cp_tau_v14_limited
lfn basedir:WLCGDirectoryTarget(fs=wlcg_fs_eoscms_redirector, path=/eos/cms/store/group/phys_higgs/HLepRare/skim_2024_v2/Run3_2022/ST_tW_top_4Q)
Creating custom get_dataset_lfns for run3_2022_preEE_nano_cp_tau_v14_limited
lfn basedir:WLCGDirectoryTarget(fs=wlcg_fs_eoscms_redirector, path=/eos/cms/store/group/phys_higgs/HLepRare/skim_2024_v2/Run3_2022/ST_tW_top_4Q_ext1)
Creating custom get_dataset_lfns for run3_2022_preEE_nano_cp_tau_v14_limited
lfn basedir:WLCGDirectoryTarget(fs=wlcg_fs_eoscms_redirector, path=/eos/cms/store/group/phys_higgs/HLepRare/skim_2024_v2/Run3_2022/ST_s_channel_antitop_4f_leptonDecays)
Creating custom get_dataset_lfns for run3_2022_preEE_nano_cp_tau_v14_limited
lfn basedir:WLCGDirectoryTarget(fs=wlcg_fs_eoscms_redirector, path=/eos/cms/store/group/phys_higgs/HLepRare/skim_2024_v2/Run3_2022/Muon_Run2022C)
Creating custom get_dataset_lfns for run3_2022_preEE_nano_cp_tau_v14_limited
lfn basedir:WLCGDirectoryTarget(fs=wlcg_fs_eoscms_redirector, path=/eos/cms/store/group/phys_higgs/HLepRare/skim_2024_v2/Run3_2022/Muon_Run2022D)
Creating custom get_dataset_lfns for run3_2022_preEE_nano_cp_tau_v14_limited
lfn basedir:WLCGDirectoryTarget(fs=wlcg_fs_eoscms_redirector, path=/eos/cms/store/group/phys_higgs/HLepRare/skim_2024_v2/Run3_2022/ST_t_channel_top_4f_InclusiveDecays)
Creating custom get_dataset_lfns for run3_2022_preEE_nano_cp_tau_v14_limited
lfn basedir:WLCGDirectoryTarget(fs=wlcg_fs_eoscms_redirector, path=/eos/cms/store/group/phys_higgs/HLepRare/skim_2024_v2/Run3_2022/WZ)
Creating custom get_dataset_lfns for run3_2022_preEE_nano_cp_tau_v14_limited
lfn basedir:WLCGDirectoryTarget(fs=wlcg_fs_eoscms_redirector, path=/eos/cms/store/group/phys_higgs/HLepRare/skim_2024_v2/Run3_2022/ST_t_channel_antitop_4f_InclusiveDecays)
Creating custom get_dataset_lfns for run3_2022_preEE_nano_cp_tau_v14_limited
lfn basedir:WLCGDirectoryTarget(fs=wlcg_fs_eoscms_redirector, path=/eos/cms/store/group/phys_higgs/HLepRare/skim_2024_v2/Run3_2022/DYto2L_M_50_madgraphMLM)
Creating custom get_dataset_lfns for run3_2022_preEE_nano_cp_tau_v14_limited
lfn basedir:WLCGDirectoryTarget(fs=wlcg_fs_eoscms_redirector, path=/eos/cms/store/group/phys_higgs/HLepRare/skim_2024_v2/Run3_2022/DYto2L_M_50_madgraphMLM_ext1)
Creating custom get_dataset_lfns for run3_2022_preEE_nano_cp_tau_v14_limited
lfn basedir:WLCGDirectoryTarget(fs=wlcg_fs_eoscms_redirector, path=/eos/cms/store/group/phys_higgs/HLepRare/skim_2024_v2/Run3_2022/TTto4Q)
Creating custom get_dataset_lfns for run3_2022_preEE_nano_cp_tau_v14_limited
lfn basedir:WLCGDirectoryTarget(fs=wlcg_fs_eoscms_redirector, path=/eos/cms/store/group/phys_higgs/HLepRare/skim_2024_v2/Run3_2022/TTto4Q_ext1)
Creating custom get_dataset_lfns for run3_2022_preEE_nano_cp_tau_v14_limited
lfn basedir:WLCGDirectoryTarget(fs=wlcg_fs_eoscms_redirector, path=/eos/cms/store/group/phys_higgs/HLepRare/skim_2024_v2/Run3_2022/EGamma_Run2022C)
Creating custom get_dataset_lfns for run3_2022_preEE_nano_cp_tau_v14_limited
lfn basedir:WLCGDirectoryTarget(fs=wlcg_fs_eoscms_redirector, path=/eos/cms/store/group/phys_higgs/HLepRare/skim_2024_v2/Run3_2022/TTtoLNu2Q)
Creating custom get_dataset_lfns for run3_2022_preEE_nano_cp_tau_v14_limited
lfn basedir:WLCGDirectoryTarget(fs=wlcg_fs_eoscms_redirector, path=/eos/cms/store/group/phys_higgs/HLepRare/skim_2024_v2/Run3_2022/TTtoLNu2Q_ext1)
Creating custom get_dataset_lfns for run3_2022_preEE_nano_cp_tau_v14_limited
lfn basedir:WLCGDirectoryTarget(fs=wlcg_fs_eoscms_redirector, path=/eos/cms/store/group/phys_higgs/HLepRare/skim_2024_v2/Run3_2022/WWZ_4F)
Creating custom get_dataset_lfns for run3_2022_preEE_nano_cp_tau_v14_limited
lfn basedir:WLCGDirectoryTarget(fs=wlcg_fs_eoscms_redirector, path=/eos/cms/store/group/phys_higgs/HLepRare/skim_2024_v2/Run3_2022/Tau_Run2022D)
